// Jest Snapshot v1, https://goo.gl/fbAQLP

exports[`renders learn react link 1`] = `
<div>
  <div
    class="makeStyles-root-1"
  >
    <header
      class="MuiPaper-root MuiAppBar-root MuiAppBar-positionStatic MuiAppBar-colorSecondary MuiPaper-elevation4"
    >
      <div
        class="MuiToolbar-root MuiToolbar-regular MuiToolbar-gutters"
      >
        <h1
          class="MuiTypography-root makeStyles-title-2 MuiTypography-h1"
        >
          Covid-19 Stats
        </h1>
      </div>
    </header>
    <main
      class="MuiContainer-root MuiContainer-maxWidthSm"
    >
      <div
        class="MuiInputBase-root MuiInput-root MuiInput-underline makeStyles-select-85 MuiInputBase-fullWidth MuiInput-fullWidth"
      >
        <div
          aria-haspopup="listbox"
          aria-labelledby=" "
          class="MuiSelect-root MuiSelect-select MuiSelect-selectMenu MuiInputBase-input MuiInput-input"
          role="button"
          tabindex="0"
        >
          <span>
            â€‹
          </span>
        </div>
        <input
          type="hidden"
          value=""
        />
        <svg
          aria-hidden="true"
          class="MuiSvgIcon-root MuiSelect-icon"
          focusable="false"
          role="presentation"
          viewBox="0 0 24 24"
        >
          <path
            d="M7 10l5 5 5-5z"
          />
        </svg>
      </div>
      <div
        class="makeStyles-root-142"
      >
        <div
          class="MuiCircularProgress-root MuiCircularProgress-colorSecondary MuiCircularProgress-indeterminate"
          role="progressbar"
          style="width: 40px; height: 40px;"
        >
          <svg
            class="MuiCircularProgress-svg"
            viewBox="22 22 44 44"
          >
            <circle
              class="MuiCircularProgress-circle MuiCircularProgress-circleIndeterminate"
              cx="44"
              cy="44"
              fill="none"
              r="20.2"
              stroke-width="3.6"
            />
          </svg>
        </div>
      </div>
      
    </main>
    <footer
      class="makeStyles-footer-3"
    >
      <div
        class="MuiContainer-root MuiContainer-maxWidthSm"
      >
        <p
          class="MuiTypography-root MuiTypography-body1"
        >
          Information data is supplied by
           
          <a
            href="https://thevirustracker.com/api"
            rel="noopener noreferrer"
            target="_blank"
          >
            Coronavirus Tracker
          </a>
        </p>
      </div>
    </footer>
  </div>
</div>
`;
